C51 COMPILER V9.60.7.0   COMMON                                                            05/24/2025 00:00:20 PAGE 1   


C51 COMPILER V9.60.7.0, COMPILATION OF MODULE COMMON
OBJECT MODULE PLACED IN ..\Output\common.obj
COMPILER INVOKED BY: D:\APP\Keil_STM32\C51\BIN\C51.EXE ..\Emembed\Src\common.c LARGE OPTIMIZE(8,SPEED) BROWSE INCDIR(..\
                    -Driver;..\SYSTEM\Inc;..\BSP\Inc;..\Core\Inc;..\Emembed\Inc) DEBUG OBJECTEXTEND PRINT(.\Listings\common.lst) OBJECT(..\Ou
                    -tput\common.obj)

line level    source

   1          #include "common.h"
   2          
   3          uint16_t modbus_04scan_cnt = 0;
   4          
   5          /**
   6           * @brief       一些定时执行的事件   Timer3：10ms
   7           *
   8           * @param   
   9           *
  10           * @return  void
  11          **/
  12          void Tim3_ISR( void ) interrupt 19
  13          {
  14   1          static uint16_t key_scan_cnt = 0;
  15   1          static uint16_t key_read_cnt = 0;
  16   1          static uint16_t fan_rotate_cnt = 0;
  17   1          static uint16_t alarm_temp_flick_cnt = 0;
  18   1          static uint16_t modbus_04_scan_cnt = 0;
  19   1          static uint16_t modbus_04_rcv_over_cnt = 0;
  20   1          /* 1, 键值扫描           */
  21   1          key_scan_cnt++;
  22   1          if( key_scan_cnt >= 5 )
  23   1          {
  24   2              key_value  = (P2 & 0X0F);
  25   2              key_scan_cnt = 0;
  26   2          }
  27   1      
  28   1          /* 2, 按键有效间隔         */
  29   1          if( key.key_read_allow == 0 )
  30   1          {
  31   2              key_read_cnt++;
  32   2              if( key_read_cnt == 20 )
  33   2              {
  34   3                  key_read_cnt = 0;
  35   3                  key.key_read_allow = 1;
  36   3              }
  37   2          }
  38   1          /* 3, 风扇旋转           */
  39   1          fan_rotate_cnt++;
  40   1          if(fan_rotate_cnt == 15)
  41   1          {
  42   2              lcd_info.fan_rotate_flag = 1 - lcd_info.fan_rotate_flag;
  43   2              fan_rotate_cnt = 0;
  44   2          }
  45   1      
  46   1          /* 4, 04查询           */
  47   1          modbus_04scan_cnt++;
  48   1          if( modbus_04scan_cnt == 100 )
  49   1          {
  50   2              modbus.scan_flag_04 = 1;
  51   2              modbus_04scan_cnt = 0;
  52   2          }
  53   1      
C51 COMPILER V9.60.7.0   COMMON                                                            05/24/2025 00:00:20 PAGE 2   

  54   1          /* 5, 报警温度闪烁           */
  55   1          alarm_temp_flick_cnt++;
  56   1          if( alarm_temp_flick_cnt == 50 )
  57   1          {
  58   2              lcd_info.alarm_temp_flick_flag = 1 - lcd_info.alarm_temp_flick_flag;
  59   2              alarm_temp_flick_cnt = 0;
  60   2          }
  61   1      
  62   1          /* 6, 按键操作忙           */
  63   1          if( key_value == 15 )
  64   1          {
  65   2              modbus_04_scan_cnt++;
  66   2              if(( modbus_04_scan_cnt == 500 ) && ( lcd_info.power_on == 1 ))
  67   2              {
  68   3                  modbus.scan_flag_04_allow = 1;
  69   3              }
  70   2          }else
  71   1          {
  72   2              modbus_04_scan_cnt = 0;
  73   2              modbus.scan_flag_04_allow = 0;
  74   2          }
  75   1      
  76   1          if( modbus.modbus_04_rcv_over == 0 )
  77   1          {
  78   2              modbus_04_rcv_over_cnt++;
  79   2              if( modbus_04_rcv_over_cnt == 2 )
  80   2              {
  81   3                  modbus.modbus_04_rcv_over = 1;
  82   3                  modbus_04_rcv_over_cnt = 0;
  83   3              }
  84   2          }
  85   1      }


MODULE INFORMATION:   STATIC OVERLAYABLE
   CODE SIZE        =    338    ----
   CONSTANT SIZE    =   ----    ----
   XDATA SIZE       =     14    ----
   PDATA SIZE       =   ----    ----
   DATA SIZE        =   ----    ----
   IDATA SIZE       =   ----    ----
   BIT SIZE         =   ----    ----
END OF MODULE INFORMATION.


C51 COMPILATION COMPLETE.  0 WARNING(S),  0 ERROR(S)
