C51 COMPILER V9.60.7.0   KEY                                                               05/07/2025 17:14:51 PAGE 1   


C51 COMPILER V9.60.7.0, COMPILATION OF MODULE KEY
OBJECT MODULE PLACED IN ..\Output\key.obj
COMPILER INVOKED BY: D:\APP\Keil_v5\C51\BIN\C51.EXE ..\BSP\Src\key.c LARGE OPTIMIZE(8,SPEED) BROWSE INCDIR(..\BSP\Inc;..
                    -\Core\Inc;..\Driver;..\Emembed\Inc;..\SYSTEM\Inc) DEBUG OBJECTEXTEND PRINT(.\Listings\key.lst) OBJECT(..\Output\key.obj)

line level    source

   1          #include "key.h"
   2          
   3          //P54 P13 14 15 TK2 3 4 5
   4          uint16_t        xdata TK_cnt[16];       // 键计数值
   5          uint32_t        xdata TK_zero[16];      // 0点读数 
   6          uint16_t T_KeyCmp[16] ;
   7          bit     B_ReadKeyOk=1;  //标志已转换完成16个键
   8          uint16_t Count[16] ;
   9          uint16_t LastState ;                                            //8位变量       b0=1，代表k0上一次按下过 
  10          
  11          void KEY_T_Init(void)
  12          {
  13   1          uint8_t i,j=0;
  14   1      
  15   1              TSRT = 0x00;            //没有LED分时扫描
  16   1              TSCHEN1 = 0x3f; //TK00~TK07
  17   1              
  18   1              TSCFG1  = (7<<4) + 3;   //开关电容工作频率 = fosc/(2*(TSCFG1[6:4]+1)), 放电时间(系统时钟周期数) 0(125) 1(25
             -0) 2(500) 3(1000) 4(2000) 5(2500) 6(5000) 7(7500) 最小3
  19   1              TSCFG2  = 2;                            //配置触摸按键控制器的内部参考电压(AVCC的分压比), 0(1/4)  1(1/2)  2(5/8)  3(3/4)
  20   1              TSCTRL = 0xA0;                  //开始自动扫描, 无平均, B7: TSGO,  B6: SINGLE,  B5: TSWAIT, B4: TSWUCS, B3: TSDCEN, B2: 
             -TSWUEN, B1 B0: TSSAMP
  21   1              
  22   1      //      TSCTRL = (1<<7) + (1<<6);       //开始单次扫描, 无平均
  23   1      //      TSCTRL = (1<<7) + (1<<6)+3;     //开始单次扫描, 4次平均
  24   1      //      TSCTRL = (1<<7) + (1<<6)+1;     //开始单次扫描, 2次平均
  25   1      //      TSWUTC = 12;            //100ms唤醒一次
  26   1              IE2 |= 0x80;                    //使能触摸中断 
  27   1       
  28   1              TSCTRL = 0xA0;
  29   1              
  30   1              delay_ms(100);
  31   1          for(i=0;i<16;i++)
  32   1              TK_zero[i]=0;   
  33   1          while(j<8)
  34   1          {
  35   2              if( B_ReadKeyOk )
  36   2              {
  37   3                  for(i=0;i<16;i++)
  38   3                      TK_zero[i] += TK_cnt[i];
  39   3                  B_ReadKeyOk = 0;
  40   3                  j++;
  41   3              }
  42   2              delay_ms(50);
  43   2          }
  44   1          for(i=0;i<16;i++)
  45   1          {
  46   2              TK_zero[i]=(TK_zero[i]>>3);
  47   2      //        printf("%u\t",(uint16_t)TK_zero[i]);
  48   2              T_KeyCmp[i] = 1500;
  49   2          }    
  50   1          
  51   1      }
  52          
C51 COMPILER V9.60.7.0   KEY                                                               05/07/2025 17:14:51 PAGE 2   

  53          
  54          
  55          //========================================================================
  56          // 函数名称: KEY_Deal
  57          // 函数功能: 按键状态读取
  58          // 入口参数: 无
  59          // 函数返回: 无
  60          // 当前版本: VER1.0
  61          // 修改日期: 2023 - 1-1
  62          // 当前作者:
  63          // 其他备注:循环读取八个端口的状态，并将按下的时间赋值给 Count 数组，按下的状态赋值给LastState
  64          //========================================================================
  65          void KEY_Deal(void)                     //检查所有的按键状态 10ms执行一次
  66          {
  67   1              uint8_t i = 0;
  68   1          
  69   1      //    printf("(%u,%u,%u)\r\n",(uint16_t)TK_cnt[0],(uint16_t)TK_cnt[1],(uint16_t)TK_cnt[2]);
  70   1          
  71   1              for(i=0;i<16;i++)                                       //循环8次 i的取值范围是0-7  代表了P30-P37的状态查询
  72   1              {
  73   2                      if( TK_cnt[i]< (TK_zero[i]-T_KeyCmp[i]))                        //持续按下，变量+1  
  74   2      //              if( TK_cnt[i]> (TK_zero[i]+T_KeyCmp[i]))                        //持续按下，变量+1                      
  75   2                      {
  76   3                              if( Count[i]<60000 )
  77   3                                      Count[i] ++;                    //按键按下，这个计数变量+1
  78   3                      }
  79   2                      else                                                    //按键松开了，变量清0
  80   2                      {
  81   3                              if( Count[i]>0 )                        //如果这个变量是按下过的
  82   3                              {
  83   4                                      LastState |= (1<<i);    //这个变量相应的标志位置位
  84   4                              }
  85   3                              else
  86   3                              {
  87   4                                      LastState &= ~(1<<i);   //这个变量相应的标志位清0
  88   4                              }
  89   3                              Count[i] = 0;                           //按键按下，这个计数变量清0
  90   3                      }
  91   2              }
  92   1      }
  93          
  94          //========================================================================
  95          // 函数名称: KEY_ReadState
  96          // 函数功能: 读取指定的按钮的状态
  97          // 入口参数: @keynum : 按钮的端口号 例如P32端口，端口号就是2
  98          // 函数返回: 看其他备注
  99          // 当前版本: VER1.0
 100          // 修改日期: 2023 - 1- 1
 101          // 当前作者:
 102          // 其他备注: 函数返回值如下
 103          //      #define KEY_NOPRESS             0               //按键未按下
 104          //      #define KEY_FILCKER             1               //消抖
 105          //      #define KEY_PRESS               2               //单击
 106          //      #define KEY_PRESSOVER   3               //单击结束
 107          //      #define KEY_LONGPRESS   4               //长按3秒
 108          //      #define KEY_LONGOVER    5               //长按结束
 109          //      #define KEY_RELAX               6               //按键松开
 110          
 111          //========================================================================
 112          
 113          uint8_t KEY_ReadState(uint8_t keynum)   //读取指定的按键的状态 10ms执行一次
 114          {
C51 COMPILER V9.60.7.0   KEY                                                               05/07/2025 17:14:51 PAGE 3   

 115   1              if( Count[keynum]>0 )                                   //按键是按下的各种状态返回
 116   1              {
 117   2                      if( Count[keynum]<3 )                           //按下<30ms 返回消抖状态
 118   2                      {
 119   3                              return KEY_FILCKER;
 120   3                      }
 121   2                      else if( Count[keynum]==3 )                     //按下正好30ms 返回单击
 122   2                      {
 123   3                              return KEY_PRESS;
 124   3                      }
 125   2                      else if( Count[keynum]<150 )            //按下不到3000ms 返回单击结束
 126   2                      {
 127   3                              return KEY_PRESSOVER;
 128   3                      }               
 129   2                      else if( Count[keynum]==150 )           //按下正好3000ms 返回长按状态
 130   2                      {
 131   3                              return KEY_LONGPRESS;
 132   3                      }       
 133   2                      else                                                            //长按结束
 134   2                      {
 135   3                              return KEY_LONGOVER;
 136   3                      }                       
 137   2                      
 138   2              }
 139   1              else                                                                    //按键已经松开了，返回各种状态
 140   1              {
 141   2                      if( LastState &( 1<<keynum ) )          //按键之前按下过
 142   2                      {
 143   3                              return KEY_RELAX;               
 144   3                      }
 145   2                      else                                                            //按键之前没有按下
 146   2                      {
 147   3                              return KEY_NOPRESS;
 148   3                      }
 149   2              }
 150   1      }
 151          
 152          void TKSU_Interrupt(void) interrupt 13
 153          {
 154   1              uint8_t j;
 155   1      //    u8 intf=P0INTF;
 156   1              j = TSSTA2;
 157   1              if(j & 0x40)    //数据溢出, 错误处理(略)
 158   1              {
 159   2                      TSSTA2 |= 0x40; //写1清零
 160   2              }
 161   1              if(j & 0x80)    //扫描完成
 162   1              {
 163   2                      j &= 0x0f;
 164   2                      TSSTA2 |= 0x80; //写1清零
 165   2                      TK_cnt[j] = TSDAT;      //保存某个通道的读数
 166   2                      if( j==5 )
 167   2              B_ReadKeyOk=1;
 168   2              }
 169   1      }


MODULE INFORMATION:   STATIC OVERLAYABLE
   CODE SIZE        =    731    ----
   CONSTANT SIZE    =   ----    ----
   XDATA SIZE       =    130       3
   PDATA SIZE       =   ----    ----
C51 COMPILER V9.60.7.0   KEY                                                               05/07/2025 17:14:51 PAGE 4   

   DATA SIZE        =   ----    ----
   IDATA SIZE       =   ----    ----
   BIT SIZE         =      1    ----
END OF MODULE INFORMATION.


C51 COMPILATION COMPLETE.  0 WARNING(S),  0 ERROR(S)
