C51 COMPILER V9.60.7.0   MAIN                                                              05/07/2025 17:14:51 PAGE 1   


C51 COMPILER V9.60.7.0, COMPILATION OF MODULE MAIN
OBJECT MODULE PLACED IN ..\Output\main.obj
COMPILER INVOKED BY: D:\APP\Keil_v5\C51\BIN\C51.EXE ..\Core\Src\main.c LARGE OPTIMIZE(8,SPEED) BROWSE INCDIR(..\BSP\Inc;
                    -..\Core\Inc;..\Driver;..\Emembed\Inc;..\SYSTEM\Inc) DEBUG OBJECTEXTEND PRINT(.\Listings\main.lst) OBJECT(..\Output\main.
                    -obj)

line level    source

   1          #include "main.h"
   2          
   3          void main( void )
   4          {
   5   1          P_SW2 |= 0x80;
   6   1          
   7   1          GPIO_Init();
   8   1          
   9   1          /*  调试使用 printf  */
  10   1          Uart1_Init();
  11   1          /*  485控制  */
  12   1          Uart4_Init();               //串口4用作485
  13   1          Uart4_Send_Statu_Init();    //接收发送初始化
  14   1          Timer0_Init();              //不定长数据接收
  15   1      
  16   1          /*  定时事件  */
  17   1          Timer3_Init();
  18   1          led_status(LED_OPEN);
  19   1      
  20   1          screen_init();
  21   1          KEY_T_Init();//触摸功能初始化
  22   1          EA = 1;
  23   1      
  24   1          led_status(LED_OPEN);
  25   1      
  26   1          screen_init();
  27   1      
  28   1          num_dis(100);
  29   1          wind_dis(5);
  30   1          channel_dis(3);
  31   1          sun_dis(DIS_ON);
  32   1          sync_dis(DIS_ON);
  33   1          alarm_dis(DIS_ON);
  34   1          Celsius_dis(DIS_ON);
  35   1          mode_dis(DIS_ON);
  36   1          percentage_dis(DIS_ON);
  37   1          fan_center_dis(DIS_ON);
  38   1          fan_leaf1_dis(DIS_ON);
  39   1          fan_leaf2_dis(DIS_ON);
  40   1      
  41   1          printf("====== code start ====== \r\n");
  42   1          while (1)
  43   1          {
  44   2              Modbus_Event();
  45   2              KEY_Deal();
  46   2              if( KEY_ReadState(2)==KEY_PRESS )
  47   2              {
  48   3                  printf("111");
  49   3              }
  50   2              if( KEY_ReadState(2)==KEY_PRESS )
  51   2              {
  52   3                  printf("222");
  53   3              }
C51 COMPILER V9.60.7.0   MAIN                                                              05/07/2025 17:14:51 PAGE 2   

  54   2              if( KEY_ReadState(2)==KEY_PRESS )
  55   2              {
  56   3                  printf("333");
  57   3              }
  58   2              if( KEY_ReadState(2)==KEY_PRESS )
  59   2              {
  60   3                  printf("444");
  61   3              }
  62   2              if( KEY_ReadState(2)==KEY_PRESS )
  63   2              {
  64   3                  printf("555");
  65   3              }
  66   2              if( KEY_ReadState(2)==KEY_PRESS )
  67   2              {
  68   3                  printf("666");
  69   3              }
  70   2          }  
  71   1      }


MODULE INFORMATION:   STATIC OVERLAYABLE
   CODE SIZE        =    221    ----
   CONSTANT SIZE    =     52    ----
   XDATA SIZE       =   ----    ----
   PDATA SIZE       =   ----    ----
   DATA SIZE        =   ----    ----
   IDATA SIZE       =   ----    ----
   BIT SIZE         =   ----    ----
END OF MODULE INFORMATION.


C51 COMPILATION COMPLETE.  0 WARNING(S),  0 ERROR(S)
