C51 COMPILER V9.60.7.0   MODBUS_RTU                                                        05/09/2025 16:55:13 PAGE 1   


C51 COMPILER V9.60.7.0, COMPILATION OF MODULE MODBUS_RTU
OBJECT MODULE PLACED IN .\Output\modbus_rtu.obj
COMPILER INVOKED BY: D:\APP\Keil_v5\C51\BIN\C51.EXE Emembed\Src\modbus_rtu.c LARGE OMF2 OPTIMIZE(8,SPEED) BROWSE INCDIR(
                    -.\BSP\Inc;.\Core\Inc;.\Emembed\Inc) DEBUG PRINT(.\modbus_rtu.lst) OBJECT(.\Output\modbus_rtu.obj)

line level    source

   1          #include "modbus_rtu.h"
   2          
   3          MODBIS_INFO modbus;
   4          
   5          /**
   6           * @brief       modbus_rtu  无奇偶校验
   7           *
   8           * @param   void
   9           *
  10           * @return  void 
  11          **/
  12          void Modbus_Event( void )
  13          {
  14   1          uint16_t crc,rccrc;
  15   1          
  16   1          /*1.接收完毕                                           */
  17   1          if( rs485.RX4_rev_end_Flag == 1 )
  18   1          {
  19   2              /*2.清空接收完毕标志位                              */    
  20   2              rs485.RX4_rev_end_Flag = 0;
  21   2      
  22   2              /*3.CRC校验                                         */
  23   2              crc = MODBUS_CRC16(rs485.RX4_buf, rs485.RX4_rev_cnt-2);
  24   2              rccrc = (rs485.RX4_buf[rs485.RX4_rev_cnt-1]) | (rs485.RX4_buf[rs485.RX4_rev_cnt-2]<<8);
  25   2      
  26   2              /*4.清空接收计数                                    */
  27   2              rs485.RX4_rev_cnt = 0; 
  28   2      
  29   2              /*5.CRC校验通过，进行地址域校验                      */
  30   2              if( crc == rccrc )
  31   2              {
  32   3                  /*6.地址域校验通过，进入相应功能函数进行处理      */
  33   3                  if( rs485.RX4_buf[0] == MY_ADDR )
  34   3                  {
  35   4                      switch ( rs485.RX4_buf[1] )
  36   4                      {
  37   5                          case 0x03:          Modbus_Fun3();          break;
  38   5                          case 0x04:          Modbus_Fun4();          break;
  39   5                          case 0x06:          Modbus_Fun6();      break;    
  40   5      
  41   5                          case 0x10:                          break;  
  42   5                          default:                            break;
  43   5                      }
  44   4                  }
  45   3              }
  46   2          }
  47   1      }
  48          
  49          void Modbus_Fun3()
  50          {
  51   1          uint8_t start_addr_03 = 3;              //Slave reply  DATA1_H address
  52   1          uint16_t i;
  53   1          for( i = 0; i < 6; i++)
  54   1          {
C51 COMPILER V9.60.7.0   MODBUS_RTU                                                        05/09/2025 16:55:13 PAGE 2   

  55   2              switch (i)
  56   2              {
  57   3               case 0:
  58   3                  lcd_info.channel_num = rs485.RX4_buf[start_addr_03 + 1];
  59   3      
  60   3                   break;
  61   3       
  62   3               case 1:
  63   3                  lcd_info.sync_flag = rs485.RX4_buf[start_addr_03 + 1];
  64   3      
  65   3                   break;
  66   3       
  67   3               case 2:
  68   3                  lcd_info.fan_level = rs485.RX4_buf[start_addr_03 + 1];
  69   3      
  70   3                   break; 
  71   3       
  72   3               case 3:
  73   3                  lcd_info.power_level = rs485.RX4_buf[start_addr_03 + 1];
  74   3      
  75   3                   break;
  76   3       
  77   3               case 4:
  78   3                  lcd_info.alarm_temp_val = rs485.RX4_buf[start_addr_03 + 1];
  79   3      
  80   3                   break;   
  81   3       
  82   3               case 5:
  83   3                  lcd_info.mode_num = rs485.RX4_buf[start_addr_03 + 1];
  84   3       
  85   3                   break;   
  86   3       
  87   3               default:
  88   3                   break;
  89   3              }
  90   2              start_addr_03 += 2;
  91   2          }
  92   1          lcd_info.lcd_connect_flag = 1;
  93   1          screen_all_dis();
  94   1      }
  95          
  96          
  97          void Modbus_Fun4()
  98          {
  99   1          uint8_t start_addr_04 = 3;              //Slave reply  DATA1_H address
 100   1          uint16_t i;
 101   1          for( i = 0; i < 1; i++)
 102   1          {
 103   2              switch (i)
 104   2              {
 105   3               case 0:
 106   3                  lcd_info.signal_in = rs485.RX4_buf[start_addr_04 + 1];
 107   3      
 108   3                  break;
 109   3       
 110   3               default:
 111   3                   break;
 112   3              }
 113   2              start_addr_04 += 2;
 114   2          }
 115   1      }
 116          
C51 COMPILER V9.60.7.0   MODBUS_RTU                                                        05/09/2025 16:55:13 PAGE 3   

 117          
 118          void Modbus_Fun6()
 119          {
 120   1          get_slave_params_03();
 121   1      }
 122          
 123          
 124          /**
 125           * @brief       从机回复主机
 126           *  
 127           * @param   code_num:功能码       
 128           * @param   length:数据长度        
 129           * 
 130            @return  crc16:crc校验的值 2byte
 131           */
 132          void slave_to_master(uint8_t code_num,uint8_t length)
 133          {
 134   1          uint16_t crc;
 135   1      
 136   1          switch (code_num)
 137   1          {
 138   2              case 0x03:
 139   2                  crc = MODBUS_CRC16(rs485.TX4_buf,length);
 140   2      
 141   2                  rs485.TX4_buf[length+1] = crc;                 //CRC H
 142   2                  rs485.TX4_buf[length] = crc>>8;            //CRC L
 143   2      
 144   2                  rs485.TX4_send_bytelength = length + 2;
 145   2                  
 146   2                  break;
 147   2              case 0x04:
 148   2                  crc = MODBUS_CRC16(rs485.TX4_buf,length);
 149   2      
 150   2                  rs485.TX4_buf[length+1] = crc;                 //CRC H
 151   2                  rs485.TX4_buf[length] = crc>>8;            //CRC L
 152   2      
 153   2                  rs485.TX4_send_bytelength = length + 2;
 154   2                  
 155   2                  break;    
 156   2      
 157   2              case 0x06:
 158   2                  memcpy(rs485.TX4_buf,rs485.RX4_buf,8);
 159   2      
 160   2                  rs485.TX4_send_bytelength = length;
 161   2                  
 162   2                  break;   
 163   2      
 164   2              case 0x10:
 165   2                  memcpy(rs485.TX4_buf,rs485.RX4_buf,6);
 166   2              
 167   2                  crc = MODBUS_CRC16(rs485.TX4_buf,6);
 168   2      
 169   2                  rs485.TX4_buf[7] = crc;                 //CRC H
 170   2                  rs485.TX4_buf[6] = crc>>8;              //CRC L
 171   2              
 172   2                  rs485.TX4_send_bytelength = length;
 173   2                  
 174   2                  break;         
 175   2      
 176   2              default:
 177   2                  break;
 178   2          }
C51 COMPILER V9.60.7.0   MODBUS_RTU                                                        05/09/2025 16:55:13 PAGE 4   

 179   1      
 180   1          DR_485 = 1;                                 //485可以发送
 181   1          delay_ms(2);
 182   1          S4CON |= S4TI;                              //开始发送
 183   1          delay_ms(1);
 184   1      }
 185          
 186          
 187          /**
 188           * @brief       crc校验函数
 189           * 
 190           * @param   buf：  Address(1 byte) +Funtion(1 byte) ）+Data(n byte)   
 191           * @param   length:数据长度           
 192           * 
 193            @return  crc16:crc校验的值 2byte
 194           */
 195          uint16_t MODBUS_CRC16(uint8_t *buf, uint8_t length)
 196          {
 197   1              uint8_t i;
 198   1              uint16_t        crc16;
 199   1      
 200   1          /* 1, 预置16位CRC寄存器为0xffff（即全为1）                          */
 201   1              crc16 = 0xffff; 
 202   1      
 203   1              do
 204   1              {
 205   2              /* 2, 把8位数据与16位CRC寄存器的低位相异或，把结果放于CRC寄存器     */    
             -    
 206   2                      crc16 ^= (uint16_t)*buf;                //
 207   2                      for(i=0; i<8; i++)              
 208   2                      {
 209   3                  /* 3, 如果最低位为1，把CRC寄存器的内容右移一位(朝低位)，用0填补最高
             -位 再异或0xA001    */
 210   3                              if(crc16 & 1)
 211   3                  {
 212   4                      crc16 = (crc16 >> 1) ^ 0xA001;
 213   4                  }
 214   3                  /* 4, 如果最低位为0，把CRC寄存器的内容右移一位(朝低位)，用0填补最高
             -位                */
 215   3                  else
 216   3                  {
 217   4                      crc16 >>= 1;
 218   4                  }           
 219   3                      }
 220   2                      buf++;
 221   2              }while(--length != 0);
 222   1      
 223   1              return  (crc16);
 224   1      }
 225          
 226          void get_slave_params_03( void )
 227          {
 228   1          uint8_t send_buf[8] = {0xDC,0x03,0x00,0x00,0x00,0x06,0x45,0xD7};
 229   1      
 230   1          memcpy(rs485.TX4_buf,send_buf,8);
 231   1          rs485.TX4_send_bytelength = 8;
 232   1      
 233   1          DR_485 = 1;                                 //485可以发送
 234   1          delay_ms(2);
 235   1          S4CON |= S4TI;                              //开始发送
 236   1          delay_ms(1);
 237   1      }
C51 COMPILER V9.60.7.0   MODBUS_RTU                                                        05/09/2025 16:55:13 PAGE 5   

 238          
 239          void get_slave_statu_04( void )
 240          {
 241   1          uint8_t send_buf[8] = {0xDC,0x04,0x00,0x00,0x00,0x01,0x47,0x23};
 242   1      
 243   1          memcpy(rs485.TX4_buf,send_buf,8);
 244   1          rs485.TX4_send_bytelength = 8;
 245   1      
 246   1          DR_485 = 1;                                 //485可以发送
 247   1          delay_ms(2);
 248   1          S4CON |= S4TI;                              //开始发送
 249   1          delay_ms(1);
 250   1      }
 251          
 252          void send_to_slave_06( void )
 253          {
 254   1          uint8_t send_buf[8];
 255   1          uint16_t crc;
 256   1      
 257   1          send_buf[0] = 0xDC;
 258   1          send_buf[1] = 0x06;
 259   1          send_buf[2] = 0x00;
 260   1          send_buf[3] = 0x05;
 261   1          send_buf[4] = 0x00;
 262   1          send_buf[5] = lcd_info.mode_num;
 263   1         
 264   1          crc = MODBUS_CRC16(send_buf,6);
 265   1          send_buf[6] = crc>>8;
 266   1          send_buf[7] = crc;
 267   1      
 268   1          memcpy(rs485.TX4_buf,send_buf,8);
 269   1         
 270   1          rs485.TX4_send_bytelength = 8;
 271   1          DR_485 = 1;                                 //485可以发送
 272   1          delay_ms(2);
 273   1          S4CON |= S4TI;                              //开始发送
 274   1          delay_ms(1);
 275   1      }
 276          
 277          void send_to_slave_16( void )
 278          {
 279   1         uint8_t send_buf[19];
 280   1         uint16_t crc;
 281   1      
 282   1         send_buf[0] = 0xDC;
 283   1         send_buf[1] = 0x10;
 284   1         send_buf[2] = 0x00;
 285   1         send_buf[3] = 0x00;
 286   1         send_buf[4] = 0x00;
 287   1         send_buf[5] = 0x05;
 288   1         send_buf[6] = 0x0A;
 289   1      
 290   1         send_buf[7] = 0x00;
 291   1         send_buf[8] = lcd_info.channel_num;
 292   1      
 293   1         send_buf[9] = 0x00;
 294   1         send_buf[10] = lcd_info.sync_flag;
 295   1      
 296   1         send_buf[11] = 0x00;
 297   1         send_buf[12] = lcd_info.fan_level;
 298   1      
 299   1         send_buf[13] = 0x00;
C51 COMPILER V9.60.7.0   MODBUS_RTU                                                        05/09/2025 16:55:13 PAGE 6   

 300   1         send_buf[14] = lcd_info.power_level;
 301   1      
 302   1         send_buf[15] = 0x00;
 303   1         send_buf[16] = lcd_info.alarm_temp_val;
 304   1      
 305   1         crc = MODBUS_CRC16(send_buf,17);
 306   1      
 307   1         send_buf[17] = crc>>8;
 308   1         send_buf[18] = crc;
 309   1      
 310   1         memcpy(rs485.TX4_buf,send_buf,19);
 311   1         
 312   1         rs485.TX4_send_bytelength = 19;
 313   1         DR_485 = 1;                                 //485可以发送
 314   1         delay_ms(2);
 315   1         S4CON |= S4TI;                              //开始发送
 316   1         delay_ms(1);
 317   1      }
 318          
 319          void get_slave_status( void )
 320          {
 321   1          if( modbus.scan_flag_04 == 1)
 322   1          {
 323   2              get_slave_statu_04();
 324   2              modbus.scan_flag_04 = 0;
 325   2          }
 326   1      }


MODULE INFORMATION:   STATIC OVERLAYABLE
   CODE SIZE        =    974    ----
   CONSTANT SIZE    =     16    ----
   XDATA SIZE       =      8      49
   PDATA SIZE       =   ----    ----
   DATA SIZE        =   ----    ----
   IDATA SIZE       =   ----    ----
   BIT SIZE         =   ----    ----
   EDATA SIZE       =   ----    ----
   HDATA SIZE       =   ----    ----
   XDATA CONST SIZE =   ----    ----
   FAR CONST SIZE   =   ----    ----
END OF MODULE INFORMATION.


C51 COMPILATION COMPLETE.  0 WARNING(S),  0 ERROR(S)
