C51 COMPILER V9.60.7.0   COMMON                                                            05/23/2025 16:57:01 PAGE 1   


C51 COMPILER V9.60.7.0, COMPILATION OF MODULE COMMON
OBJECT MODULE PLACED IN ..\Output\common.obj
COMPILER INVOKED BY: D:\APP\Keil_v5\C51\BIN\C51.EXE ..\Emembed\Src\common.c LARGE OPTIMIZE(8,SPEED) BROWSE INCDIR(..\BSP
                    -\Inc;..\Core\Inc;..\Driver;..\Emembed\Inc;..\SYSTEM\Inc) DEBUG OBJECTEXTEND PRINT(.\Listings\common.lst) OBJECT(..\Outpu
                    -t\common.obj)

line level    source

   1          #include "common.h"
   2          
   3          /**
   4           * @brief       一些定时执行的事件   Timer3：10ms
   5           *
   6           * @param   
   7           *
   8           * @return  void
   9          **/
  10          void Tim3_ISR( void ) interrupt 19
  11          {
  12   1      
  13   1          static uint16_t temp_scan_cnt = 0;
  14   1          static uint16_t buzzer_cnt1 = 0;
  15   1          static uint16_t buzzer_cnt2 = 0;
  16   1          static uint8_t buzzer1_status = 1;
  17   1          static uint16_t sync_delay_cnt = 0;
  18   1          /* 1, Signal_IN状态查询           */
  19   1          if( Signal_IN == 1 )
  20   1          {
  21   2              ac_dc.signal_in_flag = 1;
  22   2          }else
  23   1          {
  24   2              ac_dc.signal_in_flag = 0;
  25   2          }
  26   1      
  27   1          /* 2, temp 上报 1s/次                             */
  28   1          if( temp.temp_scan_flag == 0 )
  29   1          {
  30   2              temp_scan_cnt++;
  31   2              if( temp_scan_cnt == 100 )
  32   2              {
  33   3                  temp.temp_scan_flag = 1;
  34   3                  temp_scan_cnt = 0;
  35   3              }
  36   2          }
  37   1          
  38   1          if( ac_dc.buzzer_call_flag1 == 1 )
  39   1          {
  40   2              buzzer_cnt1++;
  41   2              if( buzzer_cnt1 == 50 )
  42   2              {
  43   3                  buzzer1_status = 1- buzzer1_status;
  44   3                  if( buzzer1_status == 0 )
  45   3                  {
  46   4                      Buzzer = 0;
  47   4                  }else
  48   3                  {
  49   4                      Buzzer = 1;
  50   4                  }
  51   3                  buzzer_cnt1 = 0;
  52   3              }
  53   2          }
C51 COMPILER V9.60.7.0   COMMON                                                            05/23/2025 16:57:01 PAGE 2   

  54   1          if( ac_dc.buzzer_call_flag2 == 1 )
  55   1          {
  56   2              buzzer_cnt2++;
  57   2              if( buzzer_cnt2 == 20 )
  58   2              {
  59   3                  Buzzer = 0;
  60   3              }
  61   2              if( buzzer_cnt2 == 40 )
  62   2              {
  63   3                  Buzzer = 1;
  64   3              }
  65   2              if( buzzer_cnt2 == 60 )
  66   2              {
  67   3                  Buzzer = 0;
  68   3              }
  69   2              if( buzzer_cnt2 == 80 )
  70   2              {
  71   3                  Buzzer = 1;
  72   3              }
  73   2              if( buzzer_cnt2 == 100 )
  74   2              {
  75   3                  Buzzer = 0;
  76   3              }
  77   2              if( buzzer_cnt2 == 120 )
  78   2              {
  79   3                  Buzzer = 1;
  80   3              }
  81   2              if( buzzer_cnt2 == 200 )
  82   2              {
  83   3                  buzzer_cnt2 = 0;
  84   3              }
  85   2          }
  86   1      
  87   1          if( ac_dc.fan_delay_flag == 1 )
  88   1          {
  89   2              sync_delay_cnt++;
  90   2              if( sync_delay_cnt == 1500 )
  91   2              {
  92   3                  PWMB_BKR = 0x00; 
  93   3                  sync_delay_cnt = 0;
  94   3                  ac_dc.fan_delay_flag = 0;
  95   3              }
  96   2          }else
  97   1          {
  98   2              sync_delay_cnt = 0;
  99   2          }
 100   1      }


MODULE INFORMATION:   STATIC OVERLAYABLE
   CODE SIZE        =    289    ----
   CONSTANT SIZE    =   ----    ----
   XDATA SIZE       =      9    ----
   PDATA SIZE       =   ----    ----
   DATA SIZE        =   ----    ----
   IDATA SIZE       =   ----    ----
   BIT SIZE         =   ----    ----
END OF MODULE INFORMATION.


C51 COMPILATION COMPLETE.  0 WARNING(S),  0 ERROR(S)
